MO Elevator NULL Elevator.v vlg3A/_elevator.bin 1548075567
MO E1 NULL E1.v vlg0A/_e1.bin 1548075567
EN syncsram NULL "I:/Logic/Final Project/Final Submission/Elevator/RAM.vhd" sub00/vhpl00 1548075567
MO ram_usage NULL ram_usage.v vlg6C/ram__usage.bin 1548075567
AR syncsram rtl "I:/Logic/Final Project/Final Submission/Elevator/RAM.vhd" sub00/vhpl01 1548075568
MO testBench NULL testBench.v vlg4C/test_bench.bin 1548075567
