V3 3
FL "I:/Logic/Final Project/Final Submission/Elevator/RAM.vhd" 2018/12/27.12:26:03 P.20131013
EN work/SYNCSRAM 1548075567 \
      FL "I:/Logic/Final Project/Final Submission/Elevator/RAM.vhd" \
      PB ieee/std_logic_1164 1381692176 PB ieee/STD_LOGIC_UNSIGNED 1381692179
AR work/SYNCSRAM/RTL 1548075568 \
      FL "I:/Logic/Final Project/Final Submission/Elevator/RAM.vhd" \
      EN work/SYNCSRAM 1548075567
